// Jest Snapshot v1, https://goo.gl/fbAQLP

exports[`EditProfile renders correctly 1`] = `null`;
