// Jest Snapshot v1, https://goo.gl/fbAQLP

exports[`Header renders correctly 1`] = `
<div
  className="container"
>
  <div
    className="row"
  >
    <div
      className="mt-5 mb-1 header col-12"
    >
      <h1
        className="title"
      >
        homePage.header.title
      </h1>
      <h5
        className="subTitle"
      >
        homePage.header.subtitle
      </h5>
    </div>
  </div>
  <div
    className="searchers mt-5 d-flex justify-content-around row"
  >
    <div
      className="col-lg-8 col-md-3 col-12"
    >
      <input
        aria-label="search"
        className="form-control"
        onChange={[Function]}
        placeholder="homePage.header.inputSearch"
        type="text"
        value=""
      />
    </div>
  </div>
  <div
    className="headerImage mt-4 d-flex justify-content-center row"
  >
    <div
      className="d-flex justify-content-center col-12"
    >
      <button
        className="headerImageBtn"
        onClick={[Function]}
        type="button"
      >
        homePage.header.button
      </button>
    </div>
    <img
      alt="hero"
      src="hero.png"
      width="80%"
    />
  </div>
</div>
`;
